Com base na análise dos arquivos, identifiquei os seguintes problemas de lógica e possíveis bugs:

### Críticos (Bugs que provavelmente quebram a funcionalidade)

1.  **`path/write-file.go` - `(p Path) WriteInFile`**
    *   **Problema:** A função não retorna o resultado da operação de escrita. Se o caminho for um arquivo, a função `p.writeInFile` é chamada, mas seu retorno é ignorado. A função então continua e sempre retorna um erro (`ItMustBEAFile`), mesmo que a escrita tenha sido bem-sucedida.
    *   **Correção:** A chamada `p.writeInFile(...)` deve ser `return p.writeInFile(...)`.

2.  **`file/read.go` - `ReadFileInfo`**
    *   **Problema:** A função verifica a varigiável de erro errada. Ela verifica o erro de `os.Stat` (que é `err`) em vez do erro de `ReadFile` (que é `errorFull`). Isso snifica que, se `ReadFile` falhar, o erro será ignorado e a função continuará a execução com conteúdo vazio, o que pode causar pânico ou dados incorretos.
    *   **Correção:** A verificação `if err != nil` deve ser `if errorFull.HasError()`.

3.  **`folder/get-all-paths.go` - Funções de Cache**
    *   **Problema:** As funções `CachedGetAllPathsWithExt`, `CachedGetAllFolders` e `CachedGetAllFiles` usam a mesma chave de cache (`GET_ALL_PATHS_REGISTER_NAME`). Isso causa colisões de cache. Por exemplo, se você chamar `CachedGetAllFolders` e depois `CachedGetAllFiles` para o mesmo diretório, a segunda chamada retornará incorretamente o resultado da primeira (uma lista de pastas em vez de arquivos).
    *   **Correção:** Cada função de cache deve usar sua própria constante de nome de registro exclusiva (ex: `GET_ALL_PATHS_WITH_EXT_REGISTER_NAME`, `GET_ALL_FOLDERS_REGISTER_NAME`).

4.  **`cache/register-fn.go` - `Register`**
    *   **Problema:** A lógica de registro no cache substitui o mapa de parâmetros de um comando em vez de adicionar a ele. Isso significa que para qualquer comando, apenas um conjunto de resultados (para um conjunto de parâmetros) pode ser armazenado em cache por vez.
    *   **Correção:** A lógica deve adicionar ou atualizar uma entrada no mapa interno, em vez de substituir o mapa inteiro.

### Graves (Funcionalidade Enganosa ou Incompleta)

5.  **`folder/get-all-paths.go` e `folder/copy-folder.go` - Não são recursivos**
    *   **Problema:** As funções `GetAllPaths` (e suas variantes como `GetAllFiles`, `GetAllFolders`) e `CopyFolder` não operam recursivamente. Elas apenas leem/copiam os itens no primeiro nível do diretório fornecido. Os nomes das funções são enganosos, pois a expectativa comum é que elas percorram toda a árvore de diretórios.
    *   **Correção:** As funções precisam ser reescritas para percorrer os subdiretórios. `filepath.WalkDir` é a abordagem padrão em Go para isso.

6.  **`folder/is-folder.go` e `path/path.go` - `IsFolder`**
    *   **Problema:** A lógica `!file.IsFile(path)` está incorreta. Se um caminho não existe, `file.IsFile` retorna `false`, fazendo com que `IsFolder` retorne `true`. Um caminho que não existe não é uma pasta.
    *   **Correção:** A função deve primeiro verificar se o caminho existe e é um diretório. `os.Stat` pode fornecer essa informação diretamente.

### Menores (Comportamento Inesperado ou Erros de Mensagem)

7.  **`file/get-abs-path.go` - `GetAbs`**
    *   **Problema:** Se `filepath.Abs` falhar, a mensagem de erro gerada usará uma string vazia em vez do caminho original que causou o erro, tornando a depuração mais difícil.
    *   **Correção:** A mensagem de erro deve usar a variável de entrada `pathRelative`.
